allocated 65536 cells.
loaded source file ../progs/old-drc.karakon.
--- free cells: 64423 --- symbols: 52 ---

? 
(B I N G O)
--- free cells: 64423 --- symbols: 52 ---

? 
yes
--- free cells: 64423 --- symbols: 52 ---

? 
(yo . lo)
--- free cells: 64423 --- symbols: 52 ---

? 
(M A K U L A T U R A)
--- free cells: 64423 --- symbols: 52 ---

? 
(M A T U R A)
--- free cells: 64423 --- symbols: 52 ---

? 
(P R O K U R A T U R A)
--- free cells: 64423 --- symbols: 52 ---

? 
(K U R A)
--- free cells: 64423 --- symbols: 52 ---

? 
(T U R A)
--- free cells: 64423 --- symbols: 52 ---

? 
Auf wiedersehen!
